// Jest Snapshot v1, https://goo.gl/fbAQLP

exports[`render the Header correctly 1`] = `
<header>
  <h1>
    Budget Application
  </h1>
  <[object Object]
    activeClassName="is-active"
    exact={true}
    to="/dashboard"
  >
    Home
  </[object Object]>
  <br />
  <[object Object]
    activeClassName="is-active"
    to="/create"
  >
    Create Expense
  </[object Object]>
  <br />
  <button
    onClick={[Function]}
  >
    Logout
  </button>
</header>
`;
